cargo :     Checking weather v0.1.0 
(C:\Users\b\Desktop\weather)
At line:1 char:1
+ cargo check --target wasm32-unknown-unknown 2> 
build_errors.txt
+ ~~~~~~~~~~~~~~~~~~~~~~~~~~~~~~~~~~~~~~~~~~~~~~~~~~~~~~
~~~~~~~~~
    + CategoryInfo          : NotSpecified: (    Checki 
   ng we...esktop\weather):String) [], RemoteException
    + FullyQualifiedErrorId : NativeCommandError
 
error: expected identifier, found reserved keyword `gen`
   --> src\lib.rs:202:25
    |
202 |             if self.rng.gen::<f32>() * 1.3 > (r / 
smoke_size) {
    |                         ^^^ expected identifier, 
found reserved keyword
    |
help: escape `gen` to use it as an identifier
    |
202 |             if self.rng.r#gen::<f32>() * 1.3 > (r 
/ smoke_size) {
    |                         ++

error: expected identifier, found reserved keyword `gen`
   --> src\lib.rs:203:44
    |
203 |                 let (dx, dy) = if 
self.rng.gen::<f32>() * 1.2 < (r / smoke_size) {
    |                                            ^^^ 
expected identifier, found reserved keyword
    |
help: escape `gen` to use it as an identifier
    |
203 |                 let (dx, dy) = if 
self.rng.r#gen::<f32>() * 1.2 < (r / smoke_size) {
    |                                            ++

error: expected identifier, found reserved keyword `gen`
   --> src\lib.rs:242:29
    |
242 |                 if self.rng.gen::<f32>() > r {
    |                             ^^^ expected 
identifier, found reserved keyword
    |
help: escape `gen` to use it as an identifier
    |
242 |                 if self.rng.r#gen::<f32>() > r {
    |                             ++

error: expected identifier, found reserved keyword `gen`
   --> src\lib.rs:261:29
    |
261 |                 if self.rng.gen::<f32>() > r {
    |                             ^^^ expected 
identifier, found reserved keyword
    |
help: escape `gen` to use it as an identifier
    |
261 |                 if self.rng.r#gen::<f32>() > r {
    |                             ++

warning: use of deprecated method 
`web_sys::CanvasRenderingContext2d::set_stroke_style`
   --> src\lib.rs:140:18
    |
140 |         
self.ctx.set_stroke_style(&JsValue::from_str("black"));
    |                  ^^^^^^^^^^^^^^^^
    |
    = note: `#[warn(deprecated)]` on by default

warning: use of deprecated method 
`web_sys::CanvasRenderingContext2d::set_fill_style`
   --> src\lib.rs:195:18
    |
195 |         
self.ctx.set_fill_style(&JsValue::from_str("black"));
    |                  ^^^^^^^^^^^^^^

warning: use of deprecated method 
`web_sys::CanvasRenderingContext2d::set_fill_style`
   --> src\lib.rs:237:18
    |
237 |         
self.ctx.set_fill_style(&JsValue::from_str("black"));
    |                  ^^^^^^^^^^^^^^

warning: use of deprecated method 
`web_sys::CanvasRenderingContext2d::set_fill_style`
   --> src\lib.rs:256:18
    |
256 |         
self.ctx.set_fill_style(&JsValue::from_str("black"));
    |                  ^^^^^^^^^^^^^^

warning: `weather` (lib) generated 4 warnings
error: could not compile `weather` (lib) due to 4 
previous errors; 4 warnings emitted
